
> farmaceuticosasociados@1.0.0 build
> react-scripts build

Creating an optimized production build...
node.exe : Error: 
error:0308010C:digital 
envelope 
routines::unsupported
En C:\Program 
Files\nodejs\npm.ps1: 
29 Carácter: 3
+   & $NODE_EXE 
$NPM_CLI_JS $args
+   ~~~~~~~~~~~~~~~~~~~
~~~~~~~~~~
    + CategoryInfo     
         : NotSpecifi  
  ed: (Error: error:   
 03...es::unsupport    
ed:String) [], Rem    
oteException
    + FullyQualifiedEr 
   rorId : NativeComm  
  andError
 
    at new Hash (node:i
nternal/crypto/hash:79:
19)
    at 
Object.createHash 
(node:crypto:139:10)
    at module.exports (
C:\Users\juani\Download
s\ultra-farm\tecnologia
\pharmacy-app\frontend\
node_modules\webpack\li
b\util\createHash.js:13
5:53)
    at NormalModule._in
itBuildHash (C:\Users\j
uani\Downloads\ultra-fa
rm\tecnologia\pharmacy-
app\frontend\node_modul
es\webpack\lib\NormalMo
dule.js:417:16)
    at 
handleParseError (C:\Us
ers\juani\Downloads\ult
ra-farm\tecnologia\phar
macy-app\frontend\node_
modules\webpack\lib\Nor
malModule.js:471:10)
    at C:\Users\juani\D
ownloads\ultra-farm\tec
nologia\pharmacy-app\fr
ontend\node_modules\web
pack\lib\NormalModule.j
s:503:5
    at C:\Users\juani\D
ownloads\ultra-farm\tec
nologia\pharmacy-app\fr
ontend\node_modules\web
pack\lib\NormalModule.j
s:358:12
    at C:\Users\juani\D
ownloads\ultra-farm\tec
nologia\pharmacy-app\fr
ontend\node_modules\loa
der-runner\lib\LoaderRu
nner.js:373:3
    at 
iterateNormalLoaders (C
:\Users\juani\Downloads
\ultra-farm\tecnologia\
pharmacy-app\frontend\n
ode_modules\loader-runn
er\lib\LoaderRunner.js:
214:10)
    at 
iterateNormalLoaders (C
:\Users\juani\Downloads
\ultra-farm\tecnologia\
pharmacy-app\frontend\n
ode_modules\loader-runn
er\lib\LoaderRunner.js:
221:10)
    at C:\Users\juani\D
ownloads\ultra-farm\tec
nologia\pharmacy-app\fr
ontend\node_modules\loa
der-runner\lib\LoaderRu
nner.js:236:3
    at runSyncOrAsync (
C:\Users\juani\Download
s\ultra-farm\tecnologia
\pharmacy-app\frontend\
node_modules\loader-run
ner\lib\LoaderRunner.js
:130:11)
    at 
iterateNormalLoaders (C
:\Users\juani\Downloads
\ultra-farm\tecnologia\
pharmacy-app\frontend\n
ode_modules\loader-runn
er\lib\LoaderRunner.js:
232:2)
    at 
Array.<anonymous> (C:\U
sers\juani\Downloads\ul
tra-farm\tecnologia\pha
rmacy-app\frontend\node
_modules\loader-runner\
lib\LoaderRunner.js:205
:4)
    at 
Storage.finished (C:\Us
ers\juani\Downloads\ult
ra-farm\tecnologia\phar
macy-app\frontend\node_
modules\enhanced-resolv
e\lib\CachedInputFileSy
stem.js:55:16)
    at C:\Users\juani\D
ownloads\ultra-farm\tec
nologia\pharmacy-app\fr
ontend\node_modules\enh
anced-resolve\lib\Cache
dInputFileSystem.js:91:
9
Browserslist: 
caniuse-lite is 
outdated. Please run:
  npx 
browserslist@latest 
--update-db
  Why you should do it 
regularly: https://gith
ub.com/browserslist/bro
wserslist#browsers-data
-updating
C:\Users\juani\Download
s\ultra-farm\tecnologia
\pharmacy-app\frontend\
node_modules\react-scri
pts\scripts\build.js:19
  throw err;
  ^

Error: 
error:0308010C:digital 
envelope 
routines::unsupported
    at new Hash (node:i
nternal/crypto/hash:79:
19)
    at 
Object.createHash 
(node:crypto:139:10)
    at module.exports (
C:\Users\juani\Download
s\ultra-farm\tecnologia
\pharmacy-app\frontend\
node_modules\webpack\li
b\util\createHash.js:13
5:53)
    at NormalModule._in
itBuildHash (C:\Users\j
uani\Downloads\ultra-fa
rm\tecnologia\pharmacy-
app\frontend\node_modul
es\webpack\lib\NormalMo
dule.js:417:16)
    at C:\Users\juani\D
ownloads\ultra-farm\tec
nologia\pharmacy-app\fr
ontend\node_modules\web
pack\lib\NormalModule.j
s:452:10
    at C:\Users\juani\D
ownloads\ultra-farm\tec
nologia\pharmacy-app\fr
ontend\node_modules\web
pack\lib\NormalModule.j
s:323:13
    at C:\Users\juani\D
ownloads\ultra-farm\tec
nologia\pharmacy-app\fr
ontend\node_modules\loa
der-runner\lib\LoaderRu
nner.js:367:11
    at C:\Users\juani\D
ownloads\ultra-farm\tec
nologia\pharmacy-app\fr
ontend\node_modules\loa
der-runner\lib\LoaderRu
nner.js:233:18
    at 
context.callback (C:\Us
ers\juani\Downloads\ult
ra-farm\tecnologia\phar
macy-app\frontend\node_
modules\loader-runner\l
ib\LoaderRunner.js:111:
13)
    at C:\Users\juani\D
ownloads\ultra-farm\tec
nologia\pharmacy-app\fr
ontend\node_modules\bab
el-loader\lib\index.js:
59:103
    at process.processT
icksAndRejections (node
:internal/process/task_
queues:105:5) {
  opensslErrorStack: [
    'error:03000086:dig
ital envelope routines:
:initialization error',
    'error:0308010C:dig
ital envelope 
routines::unsupported'
  ],
  library: 'digital 
envelope routines',
  reason: 
'unsupported',
  code: 'ERR_OSSL_EVP_U
NSUPPORTED'
}

Node.js v22.14.0
